Content-Type: text/x-zim-wiki
Wiki-Format: zim 0.6
Creation-Date: 2023-10-16T18:39:05+01:00

====== Push ======
Créée le Monday 16 October 2023

Configuration rapide – si vous avez déjà fait ce genre de chose
ou
https://github.com/Allassne/key.git
Commencez par créer un nouveau fichier ou en téléchargeant un fichier existant. Nous recommandons à chaque référentiel d'inclure un README, une LICENSE et un .gitignore.

=== …ou créez un nouveau référentiel sur la ligne de commande ===

echo "# SMILE" >> README.md
git init
git add README.md
git commit -m "first commit"
git branch -M main
git remote add origin https://github.com/Allassne/Notebooks.git   
git push -u origin main




=== …or push an existing repository from the command line ===

git remote add origin https://github.com/Allassne/key.git
git branch -M main
git push -u origin main



git remote add origin https://github.com/Allassne/zim.git



--------------------

git add .
git commit -m " commit"
git push -u origin main

git@github.com:Allassne/Notebooks.git

 
























--------------------

  git pull
  git add .
  git commit -m "test albam"
  git push




  397  git add .
  398  git commit -m "test albam"
  399  git push
  400  history 
alex@albam:~/dex$ git add .
alex@albam:~/dex$ git commit -m "test albam"
[master 88ae67a76] test albam
 1 file changed, 1 deletion(-)
alex@albam:~/dex$ git push
Énumération des objets: 7, fait.
Décompte des objets: 100% (7/7), fait.
Compression par delta en utilisant jusqu'à 8 fils d'exécution
Compression des objets: 100% (4/4), fait.
Écriture des objets: 100% (4/4), 354 octets | 354.00 Kio/s, fait.
Total 4 (delta 3), réutilisés 0 (delta 0), réutilisés du pack 0
To git.smile.ci:adminsys/dex.git
   1fd1ec17d..88ae67a76  master -> master
alex@albam:~/dex$ git add .
alex@albam:~/dex$ git commit -m "test albam"
[master 06dc1042c] test albam
 4 files changed, 0 insertions(+), 0 deletions(-)
 create mode 100644 kubernetes/pictures/argo-10.png
 create mode 100644 kubernetes/pictures/argo-11.png
 create mode 100644 kubernetes/pictures/argo-8.png
 create mode 100644 kubernetes/pictures/argo-9.png
alex@albam:~/dex$ git push
Énumération des objets: 11, fait.
Décompte des objets: 100% (11/11), fait.
Compression par delta en utilisant jusqu'à 8 fils d'exécution
Compression des objets: 100% (8/8), fait.
Écriture des objets: 100% (8/8), 353.99 Kio | 25.28 Mio/s, fait.
Total 8 (delta 3), réutilisés 0 (delta 0), réutilisés du pack 0
To git.smile.ci:adminsys/dex.git
   88ae67a76..06dc1042c  master -> master
alex@albam:~/dex$ git add .
alex@albam:~/dex$ git commit -m "test albam"
Sur la branche master
Votre branche est à jour avec 'origin/master'.

rien à valider, la copie de travail est propre
alex@albam:~/dex$ git push
Everything up-to-date
alex@albam:~/dex$ git add .
alex@albam:~/dex$ git commit -m "test albam"
[master ad2a47596] test albam
 1 file changed, 22 insertions(+)
alex@albam:~/dex$ git push
Énumération des objets: 7, fait.
Décompte des objets: 100% (7/7), fait.
Compression par delta en utilisant jusqu'à 8 fils d'exécution
Compression des objets: 100% (4/4), fait.
Écriture des objets: 100% (4/4), 477 octets | 477.00 Kio/s, fait.
Total 4 (delta 3), réutilisés 0 (delta 0), réutilisés du pack 0
To git.smile.ci:adminsys/dex.git
   06dc1042c..ad2a47596  master -> master
alex@albam:~/dex$ git add .
alex@albam:~/dex$ git commit -m "albam"
[master 85dd91767] albam
 1 file changed, 7 insertions(+)
alex@albam:~/dex$ git push
Énumération des objets: 7, fait.
Décompte des objets: 100% (7/7), fait.
Compression par delta en utilisant jusqu'à 8 fils d'exécution
Compression des objets: 100% (4/4), fait.
Écriture des objets: 100% (4/4), 603 octets | 603.00 Kio/s, fait.
Total 4 (delta 3), réutilisés 0 (delta 0), réutilisés du pack 0
To git.smile.ci:adminsys/dex.git
   ad2a47596..85dd91767  master -> master
alex@albam:~/dex$ 
 *  History restored 

